warn: The se.py script is deprecated. It will be removed in future releases of  gem5.
warn: Base 10 memory/cache size 4GB will be cast to base 2 size 4GiB.
warn: Base 10 memory/cache size 2MB will be cast to base 2 size 2MiB.
warn: Base 10 memory/cache size 32kB will be cast to base 2 size 32KiB.
warn: Base 10 memory/cache size 32kB will be cast to base 2 size 32KiB.
warn: Base 10 memory/cache size 2MB will be cast to base 2 size 2MiB.
Global frequency set at 1000000000000 ticks per second
warn: No dot file generated. Please install pydot to generate the dot file and pdf.
src/mem/dram_interface.cc:690: warn: DRAM device capacity (16384 Mbytes) does not match the address range assigned (4096 Mbytes)
src/base/statistics.hh:279: warn: One of the stats is a legacy stat. Legacy stat is a stat that does not belong to any statistics::Group. Legacy stat is deprecated.
src/base/remote_gdb.cc:418: warn: Sockets disabled, not accepting gdb connections
gem5 Simulator System.  https://www.gem5.org
gem5 is copyrighted software; use the --copyright option for details.

gem5 version 25.1.0.1
gem5 compiled Sep 12 2026 04:47:12
gem5 started Sep 12 2026 14:35:08
gem5 executing on 5bdd2d69bab5, pid 39
command line: /work/gem5/build/X86/gem5.opt --outdir=task3/m5out_timing/sram2MB_6_sssp /work/PartE/cfgtrees/lat6/deprecated/example/se.py --cpu-type=TimingSimpleCPU --caches --l2cache --l1d_size=32kB --l1i_size=32kB --l2_size=2MB --l2_assoc=8 --cpu-clock=2GHz --sys-clock=2GHz --mem-type=DDR4_2400_8x8 --mem-size=4GB --fast-forward=10000000 --maxinsts=20000000 --cmd=/work/gapbs/sssp '--options=-f /work/gapbs/graphs/g18.wsg -n 1'

info: Standard input is not a terminal, disabling listeners.
Switch at instruction count:10000000
src/sim/syscall_emul.cc:86: warn: ignoring syscall set_robust_list(...)
src/sim/syscall_emul.cc:86: warn: ignoring syscall rseq(...)
src/sim/mem_state.cc:443: info: Increasing stack size by one page.
src/sim/syscall_emul.cc:86: warn: ignoring syscall mprotect(...)
src/sim/mem_state.cc:443: info: Increasing stack size by one page.
Read Time:           0.00145
Graph has 262143 nodes and 3805449 undirected edges for degree: 14
src/sim/power_state.cc:105: warn: PowerState: Already in the requested power state, request ignored
Switched CPUS @ tick 11338185500
switching cpus
**** REAL SIMULATION ****
Exiting @ tick 62198618500 because a thread reached the max instruction count
